main.c:76:6:printMessage	112	static
main.c:86:6:bootloader_uart_data_read	16	static
main.c:123:6:bootloader_jump_to_user_application	24	static
main.c:143:6:bootloader_jump_to_user_application2	24	static
main.c:169:5:main	8	static
main.c:235:6:SystemClock_Config	88	static
main.c:275:13:MX_CRC_Init	8	static
main.c:301:13:MX_USART1_UART_Init	8	static
main.c:334:13:MX_USART2_UART_Init	8	static
main.c:367:13:MX_USART3_UART_Init	8	static
main.c:400:13:MX_GPIO_Init	40	static
main.c:446:6:Error_Handler	4	static,ignoring_inline_asm
